{"level":"info","message":"BullMQ EventBus initialized.","timestamp":"2026-09-15T04:27:18.621Z"}

[36m╭────────────────────────────────────────────────────╮[0m
[36m│                 [1m[34mCONNECT AFRICA API[0m                 [36m│[0m
[36m╰────────────────────────────────────────────────────╯[0m

  [1mServices Status[0m
  [2m────────────────────────────────────────────────────[0m
  PostgreSQL  [2m─[0m  [32m✓ Connected successfully[0m
  Redis       [2m─[0m  [32m✓ Connected successfully[0m
  HTTP Server [2m─[0m  [32m✓ Running[0m

  [1mNetwork & Environment[0m
  [2m────────────────────────────────────────────────────[0m
  [2mIP[0m          0.0.0.0 / ::
  [2mPort[0m        3000
  [2mLocal URL[0m   [36mhttp://localhost:3000[0m
  [2mEnvironment[0m [33mdevelopment[0m
  [2m────────────────────────────────────────────────────[0m

  [32m[1m🚀 Application ready for incoming requests.[0m

{"level":"info","message":"BullMQ worker connection ready.","timestamp":"2026-09-15T04:27:19.312Z"}
[EXPRESS REQ] GET /health
{"client":{"_activeQuery":null,"_connected":true,"_connecting":false,"_connectionCallback":null,"_connectionError":false,"_connectionTimeoutMillis":0,"_ended":false,"_ending":true,"_events":{},"_eventsCount":1,"_poolUseCount":1378,"_queryQueue":[],"_queryable":false,"_txStatus":"I","_types":{"_types":{"arrayParser":{},"builtins":{"ABSTIME":702,"ACLITEM":1033,"BIT":1560,"BOOL":16,"BPCHAR":1042,"BYTEA":17,"CHAR":18,"CID":29,"CIDR":650,"CIRCLE":718,"DATE":1082,"FLOAT4":700,"FLOAT8":701,"GTSVECTOR":3642,"INET":869,"INT2":21,"INT4":23,"INT8":20,"INTERVAL":1186,"JSON":114,"JSONB":3802,"MACADDR":829,"MACADDR8":774,"MONEY":790,"NUMERIC":1700,"OID":26,"PATH":602,"PG_DEPENDENCIES":3402,"PG_LSN":3220,"PG_NDISTINCT":3361,"PG_NODE_TREE":194,"POLYGON":604,"REFCURSOR":1790,"REGCLASS":2205,"REGCONFIG":3734,"REGDICTIONARY":3769,"REGNAMESPACE":4089,"REGOPER":2203,"REGOPERATOR":2204,"REGPROC":24,"REGPROCEDURE":2202,"REGROLE":4096,"REGTYPE":2206,"RELTIME":703,"SMGR":210,"TEXT":25,"TID":27,"TIME":1083,"TIMESTAMP":1114,"TIMESTAMPTZ":1184,"TIMETZ":1266,"TINTERVAL":704,"TSQUERY":3615,"TSVECTOR":3614,"TXID_SNAPSHOT":2970,"UUID":2950,"VARBIT":1562,"VARCHAR":1043,"XID":28,"XML":142}},"binary":{},"text":{}},"binary":false,"connection":{"_connecting":true,"_emitMessage":false,"_ending":true,"_events":{"end":[null,null]},"_eventsCount":23,"_keepAlive":false,"_keepAliveInitialDelayMillis":0,"parsedStatements":{},"ssl":false,"sslNegotiation":"postgres","stream":{"_closeAfterHandlingError":false,"_events":{"end":[null,null]},"_eventsCount":4,"_hadError":false,"_host":"localhost","_parent":null,"_pendingData":null,"_pendingEncoding":"","_readableState":{"awaitDrainWriters":null,"buffer":[],"bufferIndex":0,"highWaterMark":65536,"length":0,"pipes":[]},"_server":null,"_sockname":null,"_writableState":{"bufferedIndex":0,"corked":0,"highWaterMark":65536,"length":0,"pendingcb":0,"writelen":0},"allowHalfOpen":false,"connecting":false,"server":null}},"connectionParameters":{"binary":false,"client_encoding":"","connect_timeout":0,"database":"directory_africa","host":"localhost","idle_in_transaction_session_timeout":false,"isDomainSocket":false,"lock_timeout":false,"port":5432,"query_timeout":false,"ssl":false,"statement_timeout":false,"user":"u0_a309"},"database":"directory_africa","enableChannelBinding":false,"hasExecuted":true,"host":"localhost","port":5432,"processID":18667,"readyForQuery":true,"scramMaxIterations":100000,"secretKey":-819825067,"ssl":false,"sslNegotiation":"postgres","user":"u0_a309"},"code":"57P01","file":"postgres.c","length":116,"level":"error","line":"3355","message":"Unexpected error on idle PostgreSQL client terminating connection due to administrator command","name":"error","routine":"ProcessInterrupts","severity":"FATAL","stack":"error: terminating connection due to administrator command\n    at parseErrorMessage (/data/data/com.termux/files/home/Connect-Africa/backend/node_modules/pg-protocol/dist/parser.js:305:11)\n    at Parser.handlePacket (/data/data/com.termux/files/home/Connect-Africa/backend/node_modules/pg-protocol/dist/parser.js:143:27)\n    at Parser.parse (/data/data/com.termux/files/home/Connect-Africa/backend/node_modules/pg-protocol/dist/parser.js:37:38)\n    at Socket.<anonymous> (/data/data/com.termux/files/home/Connect-Africa/backend/node_modules/pg-protocol/dist/index.js:12:42)\n    at Socket.emit (node:events:509:28)\n    at addChunk (node:internal/streams/readable:563:12)\n    at readableAddChunkPushByteMode (node:internal/streams/readable:514:3)\n    at Readable.push (node:internal/streams/readable:394:5)\n    at TCP.onStreamRead (node:internal/stream_base_commons:189:23)","timestamp":"2026-09-15T08:05:53.179Z"}
{"address":"127.0.0.1","code":"ECONNREFUSED","errno":-111,"level":"error","message":"✗ Unhandled Promise Rejection: connect ECONNREFUSED 127.0.0.1:5432","port":5432,"stack":"Error: connect ECONNREFUSED 127.0.0.1:5432\n    at /data/data/com.termux/files/home/Connect-Africa/backend/node_modules/pg-pool/index.js:45:11\n    at process.processTicksAndRejections (node:internal/process/task_queues:104:5)\n    at async PostgresOutboxRepository.getPending (/data/data/com.termux/files/home/Connect-Africa/backend/dist/shared/infrastructure/repositories/PostgresOutboxRepository.js:26:26)\n    at async OutboxDispatcher.dispatch (/data/data/com.termux/files/home/Connect-Africa/backend/dist/workers/OutboxDispatcher.js:38:25)\n    at async Timeout._onTimeout (/data/data/com.termux/files/home/Connect-Africa/backend/dist/workers/OutboxDispatcher.js:34:13)","syscall":"connect","timestamp":"2026-09-15T08:05:53.601Z"}
