src/bootstrap/container/container.ts(100,12): error TS2554: Expected 5 arguments, but got 2.
src/bootstrap/container/container.ts(252,9): error TS2554: Expected 3 arguments, but got 4.
src/bootstrap/container/container.ts(271,123): error TS2554: Expected 2 arguments, but got 3.
src/bootstrap/container/container.ts(274,123): error TS2554: Expected 2 arguments, but got 3.
src/bootstrap/container/container.ts(277,122): error TS2554: Expected 2 arguments, but got 3.
src/bootstrap/container/container.ts(280,135): error TS2554: Expected 2 arguments, but got 3.
src/bootstrap/container/container.ts(283,131): error TS2554: Expected 2 arguments, but got 3.
src/bootstrap/container/container.ts(286,122): error TS2554: Expected 2 arguments, but got 3.
src/bootstrap/container/container.ts(314,9): error TS2554: Expected 3 arguments, but got 4.
src/bootstrap/container/container.ts(330,9): error TS2554: Expected 3 arguments, but got 4.
src/modules/ai/application/services/AIGatewayService.ts(24,17): error TS2339: Property 'templateName' does not exist on type 'IAiRequest'.
src/modules/ai/application/services/AIGatewayService.ts(25,73): error TS2339: Property 'templateName' does not exist on type 'IAiRequest'.
src/modules/ai/application/services/AIGatewayService.ts(41,68): error TS2339: Property 'tokenCount' does not exist on type 'IAiResponse'.
src/modules/analytics/application/services/AnalyticsEventSubscriber.ts(3,38): error TS2307: Cannot find module '../repositories/IAnalyticsRepository' or its corresponding type declarations.
src/modules/analytics/application/services/AnalyticsEventSubscriber.ts(4,30): error TS2307: Cannot find module '../entities/SystemMetric' or its corresponding type declarations.
src/modules/analytics/application/services/AnalyticsEventSubscriber.ts(24,35): error TS2551: Property 'entityId' does not exist on type 'EntityCreatedEvent'. Did you mean 'entity'?
src/modules/analytics/application/services/AnalyticsEventSubscriber.ts(33,36): error TS2339: Property 'articleId' does not exist on type 'ArticlePublishedEvent'.
src/modules/analytics/application/services/MetricsAggregationService.ts(2,38): error TS2307: Cannot find module '../repositories/IAnalyticsRepository' or its corresponding type declarations.
src/modules/analytics/application/services/MetricsAggregationService.ts(3,30): error TS2307: Cannot find module '../entities/SystemMetric' or its corresponding type declarations.
src/modules/analytics/application/services/ReportGenerationService.ts(2,38): error TS2307: Cannot find module '../repositories/IAnalyticsRepository' or its corresponding type declarations.
src/modules/analytics/infrastructure/persistence/PostgresAnalyticsRepository.ts(13,18): error TS2341: Property 'value' is private and only accessible within class 'UniqueEntityId'.
src/modules/analytics/interfaces/http/AnalyticsController.ts(15,65): error TS2345: Argument of type 'string | string[]' is not assignable to parameter of type 'string'.
  Type 'string[]' is not assignable to type 'string'.
src/modules/analytics/interfaces/http/AnalyticsController.ts(21,60): error TS2345: Argument of type 'string | string[]' is not assignable to parameter of type 'string'.
  Type 'string[]' is not assignable to type 'string'.
src/modules/auth/application/handlers/RegisterUserCommandHandler.ts(29,11): error TS2322: Type 'string | undefined' is not assignable to type 'string'.
  Type 'undefined' is not assignable to type 'string'.
src/modules/auth/application/handlers/RegisterUserCommandHandler.ts(51,9): error TS2322: Type 'string | undefined' is not assignable to type 'string'.
  Type 'undefined' is not assignable to type 'string'.
src/modules/auth/application/handlers/RegisterUserCommandHandler.ts(66,11): error TS2322: Type 'string | undefined' is not assignable to type 'string'.
  Type 'undefined' is not assignable to type 'string'.
src/modules/notification/domain/services/NotificationAiIntegrationService.ts(9,24): error TS2307: Cannot find module '@modules/identity/domain/value-objects/UserId' or its corresponding type declarations.
src/modules/notification/domain/services/NotificationAiIntegrationService.ts(22,51): error TS2339: Property 'processPrompt' does not exist on type 'AIGatewayService'.
src/modules/notification/domain/services/NotificationAiIntegrationService.ts(25,39): error TS2339: Property 'create' does not exist on type 'typeof Notification'.
